[websitesbridge.com/index.html]
[www.googletagservices.com/tag/js/f.txt]
[www.googletagmanager.com/gtmb819.js]
[websitesbridge.com/choice1ed7.js]
[backblue.gif]
[fade.gif]
[index.html]
[websitesbridge.com/window.location.href]
[cdn.now.gg/apps-content/com.roblox.client/pwa/Icon_192.png]
[websitesbridge.com/3/play/_next/static/css/3d0ae4c613f4697f.css]
[websitesbridge.com/3/play/_next/static/css/1634d5343d0c5502.css]
[websitesbridge.com/3/play/_next/static/chunks/polyfills-5cd94c89d3acac5f.js]
[websitesbridge.com/3/play/_next/static/chunks/webpack-b2c9ab14696b9155.js]
[websitesbridge.com/3/play/_next/static/chunks/framework-0e1b29c5be962d52.js]
[websitesbridge.com/3/play/_next/static/chunks/main-d59f0ad61824b1ab.js]
[websitesbridge.com/3/play/_next/static/chunks/pages/_app-03c063a029a99095.js]
[websitesbridge.com/3/play/_next/static/chunks/29107295-9f8d41ddc6a12863.js]
[websitesbridge.com/3/play/_next/static/chunks/744-8bb35cecca823229.js]
[websitesbridge.com/3/play/_next/static/chunks/949-e2753e0dd4c5e419.js]
[websitesbridge.com/3/play/_next/static/chunks/935-422cc6f6b3ded2b0.js]
[websitesbridge.com/3/play/_next/static/chunks/43-4a525766bd513683.js]
[websitesbridge.com/3/play/_next/static/chunks/558-76ed58bfde029937.js]
[websitesbridge.com/3/play/_next/static/chunks/537-c66a9f42a6d47a24.js]
[websitesbridge.com/3/play/_next/static/chunks/866-a9f27a4d05728fa7.js]
[websitesbridge.com/3/play/_next/static/chunks/235-f3214d8c5f18d1ed.js]
[websitesbridge.com/3/play/_next/static/chunks/746-e538c0a01477e26d.js]
[websitesbridge.com/3/play/_next/static/chunks/494-45ab8b255773e709.js]
[websitesbridge.com/3/play/_next/static/chunks/pages/index-a31fd964a339a91c.js]
[websitesbridge.com/3/play/_next/static/zG6RJ3qSjET_38bqTZIPs/_buildManifest.js]
[websitesbridge.com/3/play/_next/static/zG6RJ3qSjET_38bqTZIPs/_ssgManifest.js]
[websitesbridge.com/3/play/_next/static/zG6RJ3qSjET_38bqTZIPs/_middlewareManifest.js]
[cdn.now.gg/nowgg-static/fonts/fonts.css]
[websitesbridge.com/index.html]
[websitesbridge.com/choice]
[websitesbridge.com/choice/index.html]
[websitesbridge.com/choice1ed7.html]
[websitesbridge.com/play]
[websitesbridge.com/play/index.html]
[websitesbridge.com/apps]
[websitesbridge.com/apps/index.html]
[websitesbridge.com/window.location.html]
[websitesbridge.com/3/play/_next/static/css/3d0ae4c613f4697f.css]
[websitesbridge.com/3/play/_next/static/css/1634d5343d0c5502.css]
[cdn.now.gg/nowgg-static/fonts/icomoon40fb.eot]
[cdn.now.gg/nowgg-static/fonts/icomoon40fb.ttf]
[cdn.now.gg/nowgg-static/fonts/icomoon40fb.woff]
[cdn.now.gg/nowgg-static/fonts/fonts.css]
[websitesbridge.com/choice.html]
[websitesbridge.com/play.html]
[websitesbridge.com/apps.html]
[cdn.now.gg/nowgg-static/fonts/icomoon40fb.svg]
